Classic Timing Analyzer report for exp10
Tue Apr 30 09:12:18 2024
Quartus II Version 9.0 Build 132 02/25/2009 SJ Web Edition


---------------------
; Table of Contents ;
---------------------
  1. Legal Notice
  2. Timing Analyzer Summary
  3. Timing Analyzer Settings
  4. Clock Settings Summary
  5. Parallel Compilation
  6. Clock Setup: 'clock'
  7. tco
  8. Timing Analyzer Messages



----------------
; Legal Notice ;
----------------
Copyright (C) 1991-2009 Altera Corporation
Your use of Altera Corporation's design tools, logic functions 
and other software and tools, and its AMPP partner logic 
functions, and any output files from any of the foregoing 
(including device programming or simulation files), and any 
associated documentation or information are expressly subject 
to the terms and conditions of the Altera Program License 
Subscription Agreement, Altera MegaCore Function License 
Agreement, or other applicable license agreement, including, 
without limitation, that your use is for the sole purpose of 
programming logic devices manufactured by Altera and sold by 
Altera or its authorized distributors.  Please refer to the 
applicable agreement for further details.



+---------------------------------------------------------------------------------------------------------------------------------------------------------------------------------------------------------------------------------------+
; Timing Analyzer Summary                                                                                                                                                                                                               ;
+------------------------------+-------+---------------+----------------------------------+----------------------------------------------------------------------------------------+-------------+------------+----------+--------------+
; Type                         ; Slack ; Required Time ; Actual Time                      ; From                                                                                   ; To          ; From Clock ; To Clock ; Failed Paths ;
+------------------------------+-------+---------------+----------------------------------+----------------------------------------------------------------------------------------+-------------+------------+----------+--------------+
; Worst-case tco               ; N/A   ; None          ; 7.235 ns                         ; IR[1]~reg0                                                                             ; IR[1]       ; clock      ; --       ; 0            ;
; Clock Setup: 'clock'         ; N/A   ; None          ; 201.41 MHz ( period = 4.965 ns ) ; altsyncram:Memory_rtl_0|altsyncram_r9n1:auto_generated|ram_block1a0~portb_address_reg5 ; IR[14]~reg0 ; clock      ; clock    ; 0            ;
; Total number of failed paths ;       ;               ;                                  ;                                                                                        ;             ;            ;          ; 0            ;
+------------------------------+-------+---------------+----------------------------------+----------------------------------------------------------------------------------------+-------------+------------+----------+--------------+


+--------------------------------------------------------------------------------------------------------------------+
; Timing Analyzer Settings                                                                                           ;
+---------------------------------------------------------------------+--------------------+------+----+-------------+
; Option                                                              ; Setting            ; From ; To ; Entity Name ;
+---------------------------------------------------------------------+--------------------+------+----+-------------+
; Device Name                                                         ; EP2C5F256C6        ;      ;    ;             ;
; Timing Models                                                       ; Final              ;      ;    ;             ;
; Default hold multicycle                                             ; Same as Multicycle ;      ;    ;             ;
; Cut paths between unrelated clock domains                           ; On                 ;      ;    ;             ;
; Cut off read during write signal paths                              ; On                 ;      ;    ;             ;
; Cut off feedback from I/O pins                                      ; On                 ;      ;    ;             ;
; Report Combined Fast/Slow Timing                                    ; Off                ;      ;    ;             ;
; Ignore Clock Settings                                               ; Off                ;      ;    ;             ;
; Analyze latches as synchronous elements                             ; On                 ;      ;    ;             ;
; Enable Recovery/Removal analysis                                    ; Off                ;      ;    ;             ;
; Enable Clock Latency                                                ; Off                ;      ;    ;             ;
; Use TimeQuest Timing Analyzer                                       ; Off                ;      ;    ;             ;
; Number of source nodes to report per destination node               ; 10                 ;      ;    ;             ;
; Number of destination nodes to report                               ; 10                 ;      ;    ;             ;
; Number of paths to report                                           ; 200                ;      ;    ;             ;
; Report Minimum Timing Checks                                        ; Off                ;      ;    ;             ;
; Use Fast Timing Models                                              ; Off                ;      ;    ;             ;
; Report IO Paths Separately                                          ; Off                ;      ;    ;             ;
; Perform Multicorner Analysis                                        ; On                 ;      ;    ;             ;
; Reports the worst-case path for each clock domain and analysis      ; Off                ;      ;    ;             ;
; Removes common clock path pessimism (CCPP) during slack computation ; Off                ;      ;    ;             ;
; Output I/O Timing Endpoint                                          ; Near End           ;      ;    ;             ;
+---------------------------------------------------------------------+--------------------+------+----+-------------+


+------------------------------------------------------------------------------------------------------------------------------------------------------------------------------------+
; Clock Settings Summary                                                                                                                                                             ;
+-----------------+--------------------+----------+------------------+---------------+--------------+----------+-----------------------+---------------------+--------+--------------+
; Clock Node Name ; Clock Setting Name ; Type     ; Fmax Requirement ; Early Latency ; Late Latency ; Based on ; Multiply Base Fmax by ; Divide Base Fmax by ; Offset ; Phase offset ;
+-----------------+--------------------+----------+------------------+---------------+--------------+----------+-----------------------+---------------------+--------+--------------+
; clock           ;                    ; User Pin ; None             ; 0.000 ns      ; 0.000 ns     ; --       ; N/A                   ; N/A                 ; N/A    ;              ;
+-----------------+--------------------+----------+------------------+---------------+--------------+----------+-----------------------+---------------------+--------+--------------+


Parallel compilation was disabled, but you have multiple processors available. Enable parallel compilation to reduce compilation time.
+-------------------------------------+
; Parallel Compilation                ;
+----------------------------+--------+
; Processors                 ; Number ;
+----------------------------+--------+
; Number detected on machine ; 4      ;
; Maximum allowed            ; 1      ;
+----------------------------+--------+


+---------------------------------------------------------------------------------------------------------------------------------------------------------------------------------------------------------------------------------------------------------------------------------------------------------------------------------------------------------------------------------------------+
; Clock Setup: 'clock'                                                                                                                                                                                                                                                                                                                                                                        ;
+-----------------------------------------+-----------------------------------------------------+----------------------------------------------------------------------------------------+----------------------------------------------------------------------------------------+------------+----------+-----------------------------+---------------------------+-------------------------+
; Slack                                   ; Actual fmax (period)                                ; From                                                                                   ; To                                                                                     ; From Clock ; To Clock ; Required Setup Relationship ; Required Longest P2P Time ; Actual Longest P2P Time ;
+-----------------------------------------+-----------------------------------------------------+----------------------------------------------------------------------------------------+----------------------------------------------------------------------------------------+------------+----------+-----------------------------+---------------------------+-------------------------+
; N/A                                     ; 201.41 MHz ( period = 4.965 ns )                    ; altsyncram:Memory_rtl_0|altsyncram_r9n1:auto_generated|ram_block1a0~portb_address_reg0 ; IR[14]~reg0                                                                            ; clock      ; clock    ; None                        ; None                      ; 4.698 ns                ;
; N/A                                     ; 201.41 MHz ( period = 4.965 ns )                    ; altsyncram:Memory_rtl_0|altsyncram_r9n1:auto_generated|ram_block1a0~portb_address_reg1 ; IR[14]~reg0                                                                            ; clock      ; clock    ; None                        ; None                      ; 4.698 ns                ;
; N/A                                     ; 201.41 MHz ( period = 4.965 ns )                    ; altsyncram:Memory_rtl_0|altsyncram_r9n1:auto_generated|ram_block1a0~portb_address_reg2 ; IR[14]~reg0                                                                            ; clock      ; clock    ; None                        ; None                      ; 4.698 ns                ;
; N/A                                     ; 201.41 MHz ( period = 4.965 ns )                    ; altsyncram:Memory_rtl_0|altsyncram_r9n1:auto_generated|ram_block1a0~portb_address_reg3 ; IR[14]~reg0                                                                            ; clock      ; clock    ; None                        ; None                      ; 4.698 ns                ;
; N/A                                     ; 201.41 MHz ( period = 4.965 ns )                    ; altsyncram:Memory_rtl_0|altsyncram_r9n1:auto_generated|ram_block1a0~portb_address_reg4 ; IR[14]~reg0                                                                            ; clock      ; clock    ; None                        ; None                      ; 4.698 ns                ;
; N/A                                     ; 201.41 MHz ( period = 4.965 ns )                    ; altsyncram:Memory_rtl_0|altsyncram_r9n1:auto_generated|ram_block1a0~portb_address_reg5 ; IR[14]~reg0                                                                            ; clock      ; clock    ; None                        ; None                      ; 4.698 ns                ;
; N/A                                     ; 209.16 MHz ( period = 4.781 ns )                    ; altsyncram:Memory_rtl_0|altsyncram_r9n1:auto_generated|ram_block1a0~portb_address_reg0 ; IR[8]~reg0                                                                             ; clock      ; clock    ; None                        ; None                      ; 4.520 ns                ;
; N/A                                     ; 209.16 MHz ( period = 4.781 ns )                    ; altsyncram:Memory_rtl_0|altsyncram_r9n1:auto_generated|ram_block1a0~portb_address_reg1 ; IR[8]~reg0                                                                             ; clock      ; clock    ; None                        ; None                      ; 4.520 ns                ;
; N/A                                     ; 209.16 MHz ( period = 4.781 ns )                    ; altsyncram:Memory_rtl_0|altsyncram_r9n1:auto_generated|ram_block1a0~portb_address_reg2 ; IR[8]~reg0                                                                             ; clock      ; clock    ; None                        ; None                      ; 4.520 ns                ;
; N/A                                     ; 209.16 MHz ( period = 4.781 ns )                    ; altsyncram:Memory_rtl_0|altsyncram_r9n1:auto_generated|ram_block1a0~portb_address_reg3 ; IR[8]~reg0                                                                             ; clock      ; clock    ; None                        ; None                      ; 4.520 ns                ;
; N/A                                     ; 209.16 MHz ( period = 4.781 ns )                    ; altsyncram:Memory_rtl_0|altsyncram_r9n1:auto_generated|ram_block1a0~portb_address_reg4 ; IR[8]~reg0                                                                             ; clock      ; clock    ; None                        ; None                      ; 4.520 ns                ;
; N/A                                     ; 209.16 MHz ( period = 4.781 ns )                    ; altsyncram:Memory_rtl_0|altsyncram_r9n1:auto_generated|ram_block1a0~portb_address_reg5 ; IR[8]~reg0                                                                             ; clock      ; clock    ; None                        ; None                      ; 4.520 ns                ;
; N/A                                     ; 209.56 MHz ( period = 4.772 ns )                    ; altsyncram:Memory_rtl_0|altsyncram_r9n1:auto_generated|ram_block1a0~portb_address_reg0 ; IR[10]~reg0                                                                            ; clock      ; clock    ; None                        ; None                      ; 4.503 ns                ;
; N/A                                     ; 209.56 MHz ( period = 4.772 ns )                    ; altsyncram:Memory_rtl_0|altsyncram_r9n1:auto_generated|ram_block1a0~portb_address_reg1 ; IR[10]~reg0                                                                            ; clock      ; clock    ; None                        ; None                      ; 4.503 ns                ;
; N/A                                     ; 209.56 MHz ( period = 4.772 ns )                    ; altsyncram:Memory_rtl_0|altsyncram_r9n1:auto_generated|ram_block1a0~portb_address_reg2 ; IR[10]~reg0                                                                            ; clock      ; clock    ; None                        ; None                      ; 4.503 ns                ;
; N/A                                     ; 209.56 MHz ( period = 4.772 ns )                    ; altsyncram:Memory_rtl_0|altsyncram_r9n1:auto_generated|ram_block1a0~portb_address_reg3 ; IR[10]~reg0                                                                            ; clock      ; clock    ; None                        ; None                      ; 4.503 ns                ;
; N/A                                     ; 209.56 MHz ( period = 4.772 ns )                    ; altsyncram:Memory_rtl_0|altsyncram_r9n1:auto_generated|ram_block1a0~portb_address_reg4 ; IR[10]~reg0                                                                            ; clock      ; clock    ; None                        ; None                      ; 4.503 ns                ;
; N/A                                     ; 209.56 MHz ( period = 4.772 ns )                    ; altsyncram:Memory_rtl_0|altsyncram_r9n1:auto_generated|ram_block1a0~portb_address_reg5 ; IR[10]~reg0                                                                            ; clock      ; clock    ; None                        ; None                      ; 4.503 ns                ;
; N/A                                     ; 211.51 MHz ( period = 4.728 ns )                    ; MAR[0]~reg0                                                                            ; MBR[4]~reg0                                                                            ; clock      ; clock    ; None                        ; None                      ; 4.519 ns                ;
; N/A                                     ; 211.95 MHz ( period = 4.718 ns )                    ; altsyncram:Memory_rtl_0|altsyncram_r9n1:auto_generated|ram_block1a0~portb_address_reg0 ; IR[9]~reg0                                                                             ; clock      ; clock    ; None                        ; None                      ; 4.449 ns                ;
; N/A                                     ; 211.95 MHz ( period = 4.718 ns )                    ; altsyncram:Memory_rtl_0|altsyncram_r9n1:auto_generated|ram_block1a0~portb_address_reg1 ; IR[9]~reg0                                                                             ; clock      ; clock    ; None                        ; None                      ; 4.449 ns                ;
; N/A                                     ; 211.95 MHz ( period = 4.718 ns )                    ; altsyncram:Memory_rtl_0|altsyncram_r9n1:auto_generated|ram_block1a0~portb_address_reg2 ; IR[9]~reg0                                                                             ; clock      ; clock    ; None                        ; None                      ; 4.449 ns                ;
; N/A                                     ; 211.95 MHz ( period = 4.718 ns )                    ; altsyncram:Memory_rtl_0|altsyncram_r9n1:auto_generated|ram_block1a0~portb_address_reg3 ; IR[9]~reg0                                                                             ; clock      ; clock    ; None                        ; None                      ; 4.449 ns                ;
; N/A                                     ; 211.95 MHz ( period = 4.718 ns )                    ; altsyncram:Memory_rtl_0|altsyncram_r9n1:auto_generated|ram_block1a0~portb_address_reg4 ; IR[9]~reg0                                                                             ; clock      ; clock    ; None                        ; None                      ; 4.449 ns                ;
; N/A                                     ; 211.95 MHz ( period = 4.718 ns )                    ; altsyncram:Memory_rtl_0|altsyncram_r9n1:auto_generated|ram_block1a0~portb_address_reg5 ; IR[9]~reg0                                                                             ; clock      ; clock    ; None                        ; None                      ; 4.449 ns                ;
; N/A                                     ; 212.27 MHz ( period = 4.711 ns )                    ; altsyncram:Memory_rtl_0|altsyncram_r9n1:auto_generated|ram_block1a0~portb_address_reg0 ; IR[11]~reg0                                                                            ; clock      ; clock    ; None                        ; None                      ; 4.442 ns                ;
; N/A                                     ; 212.27 MHz ( period = 4.711 ns )                    ; altsyncram:Memory_rtl_0|altsyncram_r9n1:auto_generated|ram_block1a0~portb_address_reg1 ; IR[11]~reg0                                                                            ; clock      ; clock    ; None                        ; None                      ; 4.442 ns                ;
; N/A                                     ; 212.27 MHz ( period = 4.711 ns )                    ; altsyncram:Memory_rtl_0|altsyncram_r9n1:auto_generated|ram_block1a0~portb_address_reg2 ; IR[11]~reg0                                                                            ; clock      ; clock    ; None                        ; None                      ; 4.442 ns                ;
; N/A                                     ; 212.27 MHz ( period = 4.711 ns )                    ; altsyncram:Memory_rtl_0|altsyncram_r9n1:auto_generated|ram_block1a0~portb_address_reg3 ; IR[11]~reg0                                                                            ; clock      ; clock    ; None                        ; None                      ; 4.442 ns                ;
; N/A                                     ; 212.27 MHz ( period = 4.711 ns )                    ; altsyncram:Memory_rtl_0|altsyncram_r9n1:auto_generated|ram_block1a0~portb_address_reg4 ; IR[11]~reg0                                                                            ; clock      ; clock    ; None                        ; None                      ; 4.442 ns                ;
; N/A                                     ; 212.27 MHz ( period = 4.711 ns )                    ; altsyncram:Memory_rtl_0|altsyncram_r9n1:auto_generated|ram_block1a0~portb_address_reg5 ; IR[11]~reg0                                                                            ; clock      ; clock    ; None                        ; None                      ; 4.442 ns                ;
; N/A                                     ; 215.70 MHz ( period = 4.636 ns )                    ; altsyncram:Memory_rtl_0|altsyncram_r9n1:auto_generated|ram_block1a0~portb_address_reg0 ; IR[13]~reg0                                                                            ; clock      ; clock    ; None                        ; None                      ; 4.369 ns                ;
; N/A                                     ; 215.70 MHz ( period = 4.636 ns )                    ; altsyncram:Memory_rtl_0|altsyncram_r9n1:auto_generated|ram_block1a0~portb_address_reg1 ; IR[13]~reg0                                                                            ; clock      ; clock    ; None                        ; None                      ; 4.369 ns                ;
; N/A                                     ; 215.70 MHz ( period = 4.636 ns )                    ; altsyncram:Memory_rtl_0|altsyncram_r9n1:auto_generated|ram_block1a0~portb_address_reg2 ; IR[13]~reg0                                                                            ; clock      ; clock    ; None                        ; None                      ; 4.369 ns                ;
; N/A                                     ; 215.70 MHz ( period = 4.636 ns )                    ; altsyncram:Memory_rtl_0|altsyncram_r9n1:auto_generated|ram_block1a0~portb_address_reg3 ; IR[13]~reg0                                                                            ; clock      ; clock    ; None                        ; None                      ; 4.369 ns                ;
; N/A                                     ; 215.70 MHz ( period = 4.636 ns )                    ; altsyncram:Memory_rtl_0|altsyncram_r9n1:auto_generated|ram_block1a0~portb_address_reg4 ; IR[13]~reg0                                                                            ; clock      ; clock    ; None                        ; None                      ; 4.369 ns                ;
; N/A                                     ; 215.70 MHz ( period = 4.636 ns )                    ; altsyncram:Memory_rtl_0|altsyncram_r9n1:auto_generated|ram_block1a0~portb_address_reg5 ; IR[13]~reg0                                                                            ; clock      ; clock    ; None                        ; None                      ; 4.369 ns                ;
; N/A                                     ; 216.03 MHz ( period = 4.629 ns )                    ; altsyncram:Memory_rtl_0|altsyncram_r9n1:auto_generated|ram_block1a0~portb_address_reg0 ; IR[12]~reg0                                                                            ; clock      ; clock    ; None                        ; None                      ; 4.362 ns                ;
; N/A                                     ; 216.03 MHz ( period = 4.629 ns )                    ; altsyncram:Memory_rtl_0|altsyncram_r9n1:auto_generated|ram_block1a0~portb_address_reg1 ; IR[12]~reg0                                                                            ; clock      ; clock    ; None                        ; None                      ; 4.362 ns                ;
; N/A                                     ; 216.03 MHz ( period = 4.629 ns )                    ; altsyncram:Memory_rtl_0|altsyncram_r9n1:auto_generated|ram_block1a0~portb_address_reg2 ; IR[12]~reg0                                                                            ; clock      ; clock    ; None                        ; None                      ; 4.362 ns                ;
; N/A                                     ; 216.03 MHz ( period = 4.629 ns )                    ; altsyncram:Memory_rtl_0|altsyncram_r9n1:auto_generated|ram_block1a0~portb_address_reg3 ; IR[12]~reg0                                                                            ; clock      ; clock    ; None                        ; None                      ; 4.362 ns                ;
; N/A                                     ; 216.03 MHz ( period = 4.629 ns )                    ; altsyncram:Memory_rtl_0|altsyncram_r9n1:auto_generated|ram_block1a0~portb_address_reg4 ; IR[12]~reg0                                                                            ; clock      ; clock    ; None                        ; None                      ; 4.362 ns                ;
; N/A                                     ; 216.03 MHz ( period = 4.629 ns )                    ; altsyncram:Memory_rtl_0|altsyncram_r9n1:auto_generated|ram_block1a0~portb_address_reg5 ; IR[12]~reg0                                                                            ; clock      ; clock    ; None                        ; None                      ; 4.362 ns                ;
; N/A                                     ; 218.15 MHz ( period = 4.584 ns )                    ; altsyncram:Memory_rtl_0|altsyncram_r9n1:auto_generated|ram_block1a0~portb_address_reg0 ; IR[15]~reg0                                                                            ; clock      ; clock    ; None                        ; None                      ; 4.317 ns                ;
; N/A                                     ; 218.15 MHz ( period = 4.584 ns )                    ; altsyncram:Memory_rtl_0|altsyncram_r9n1:auto_generated|ram_block1a0~portb_address_reg1 ; IR[15]~reg0                                                                            ; clock      ; clock    ; None                        ; None                      ; 4.317 ns                ;
; N/A                                     ; 218.15 MHz ( period = 4.584 ns )                    ; altsyncram:Memory_rtl_0|altsyncram_r9n1:auto_generated|ram_block1a0~portb_address_reg2 ; IR[15]~reg0                                                                            ; clock      ; clock    ; None                        ; None                      ; 4.317 ns                ;
; N/A                                     ; 218.15 MHz ( period = 4.584 ns )                    ; altsyncram:Memory_rtl_0|altsyncram_r9n1:auto_generated|ram_block1a0~portb_address_reg3 ; IR[15]~reg0                                                                            ; clock      ; clock    ; None                        ; None                      ; 4.317 ns                ;
; N/A                                     ; 218.15 MHz ( period = 4.584 ns )                    ; altsyncram:Memory_rtl_0|altsyncram_r9n1:auto_generated|ram_block1a0~portb_address_reg4 ; IR[15]~reg0                                                                            ; clock      ; clock    ; None                        ; None                      ; 4.317 ns                ;
; N/A                                     ; 218.15 MHz ( period = 4.584 ns )                    ; altsyncram:Memory_rtl_0|altsyncram_r9n1:auto_generated|ram_block1a0~portb_address_reg5 ; IR[15]~reg0                                                                            ; clock      ; clock    ; None                        ; None                      ; 4.317 ns                ;
; N/A                                     ; 218.44 MHz ( period = 4.578 ns )                    ; altsyncram:Memory_rtl_0|altsyncram_r9n1:auto_generated|ram_block1a0~portb_address_reg0 ; MBR[3]~reg0                                                                            ; clock      ; clock    ; None                        ; None                      ; 4.316 ns                ;
; N/A                                     ; 218.44 MHz ( period = 4.578 ns )                    ; altsyncram:Memory_rtl_0|altsyncram_r9n1:auto_generated|ram_block1a0~portb_address_reg1 ; MBR[3]~reg0                                                                            ; clock      ; clock    ; None                        ; None                      ; 4.316 ns                ;
; N/A                                     ; 218.44 MHz ( period = 4.578 ns )                    ; altsyncram:Memory_rtl_0|altsyncram_r9n1:auto_generated|ram_block1a0~portb_address_reg2 ; MBR[3]~reg0                                                                            ; clock      ; clock    ; None                        ; None                      ; 4.316 ns                ;
; N/A                                     ; 218.44 MHz ( period = 4.578 ns )                    ; altsyncram:Memory_rtl_0|altsyncram_r9n1:auto_generated|ram_block1a0~portb_address_reg3 ; MBR[3]~reg0                                                                            ; clock      ; clock    ; None                        ; None                      ; 4.316 ns                ;
; N/A                                     ; 218.44 MHz ( period = 4.578 ns )                    ; altsyncram:Memory_rtl_0|altsyncram_r9n1:auto_generated|ram_block1a0~portb_address_reg4 ; MBR[3]~reg0                                                                            ; clock      ; clock    ; None                        ; None                      ; 4.316 ns                ;
; N/A                                     ; 218.44 MHz ( period = 4.578 ns )                    ; altsyncram:Memory_rtl_0|altsyncram_r9n1:auto_generated|ram_block1a0~portb_address_reg5 ; MBR[3]~reg0                                                                            ; clock      ; clock    ; None                        ; None                      ; 4.316 ns                ;
; N/A                                     ; 218.44 MHz ( period = 4.578 ns )                    ; altsyncram:Memory_rtl_0|altsyncram_r9n1:auto_generated|ram_block1a0~portb_address_reg0 ; MBR[7]~reg0                                                                            ; clock      ; clock    ; None                        ; None                      ; 4.316 ns                ;
; N/A                                     ; 218.44 MHz ( period = 4.578 ns )                    ; altsyncram:Memory_rtl_0|altsyncram_r9n1:auto_generated|ram_block1a0~portb_address_reg1 ; MBR[7]~reg0                                                                            ; clock      ; clock    ; None                        ; None                      ; 4.316 ns                ;
; N/A                                     ; 218.44 MHz ( period = 4.578 ns )                    ; altsyncram:Memory_rtl_0|altsyncram_r9n1:auto_generated|ram_block1a0~portb_address_reg2 ; MBR[7]~reg0                                                                            ; clock      ; clock    ; None                        ; None                      ; 4.316 ns                ;
; N/A                                     ; 218.44 MHz ( period = 4.578 ns )                    ; altsyncram:Memory_rtl_0|altsyncram_r9n1:auto_generated|ram_block1a0~portb_address_reg3 ; MBR[7]~reg0                                                                            ; clock      ; clock    ; None                        ; None                      ; 4.316 ns                ;
; N/A                                     ; 218.44 MHz ( period = 4.578 ns )                    ; altsyncram:Memory_rtl_0|altsyncram_r9n1:auto_generated|ram_block1a0~portb_address_reg4 ; MBR[7]~reg0                                                                            ; clock      ; clock    ; None                        ; None                      ; 4.316 ns                ;
; N/A                                     ; 218.44 MHz ( period = 4.578 ns )                    ; altsyncram:Memory_rtl_0|altsyncram_r9n1:auto_generated|ram_block1a0~portb_address_reg5 ; MBR[7]~reg0                                                                            ; clock      ; clock    ; None                        ; None                      ; 4.316 ns                ;
; N/A                                     ; 221.19 MHz ( period = 4.521 ns )                    ; altsyncram:Memory_rtl_0|altsyncram_r9n1:auto_generated|ram_block1a0~portb_address_reg0 ; MBR[4]~reg0                                                                            ; clock      ; clock    ; None                        ; None                      ; 4.259 ns                ;
; N/A                                     ; 221.19 MHz ( period = 4.521 ns )                    ; altsyncram:Memory_rtl_0|altsyncram_r9n1:auto_generated|ram_block1a0~portb_address_reg1 ; MBR[4]~reg0                                                                            ; clock      ; clock    ; None                        ; None                      ; 4.259 ns                ;
; N/A                                     ; 221.19 MHz ( period = 4.521 ns )                    ; altsyncram:Memory_rtl_0|altsyncram_r9n1:auto_generated|ram_block1a0~portb_address_reg2 ; MBR[4]~reg0                                                                            ; clock      ; clock    ; None                        ; None                      ; 4.259 ns                ;
; N/A                                     ; 221.19 MHz ( period = 4.521 ns )                    ; altsyncram:Memory_rtl_0|altsyncram_r9n1:auto_generated|ram_block1a0~portb_address_reg3 ; MBR[4]~reg0                                                                            ; clock      ; clock    ; None                        ; None                      ; 4.259 ns                ;
; N/A                                     ; 221.19 MHz ( period = 4.521 ns )                    ; altsyncram:Memory_rtl_0|altsyncram_r9n1:auto_generated|ram_block1a0~portb_address_reg4 ; MBR[4]~reg0                                                                            ; clock      ; clock    ; None                        ; None                      ; 4.259 ns                ;
; N/A                                     ; 221.19 MHz ( period = 4.521 ns )                    ; altsyncram:Memory_rtl_0|altsyncram_r9n1:auto_generated|ram_block1a0~portb_address_reg5 ; MBR[4]~reg0                                                                            ; clock      ; clock    ; None                        ; None                      ; 4.259 ns                ;
; N/A                                     ; 221.39 MHz ( period = 4.517 ns )                    ; MAR[3]~reg0                                                                            ; MBR[4]~reg0                                                                            ; clock      ; clock    ; None                        ; None                      ; 4.308 ns                ;
; N/A                                     ; 223.86 MHz ( period = 4.467 ns )                    ; MAR[0]~reg0                                                                            ; MBR[1]~reg0                                                                            ; clock      ; clock    ; None                        ; None                      ; 4.258 ns                ;
; N/A                                     ; 223.91 MHz ( period = 4.466 ns )                    ; MAR[0]~reg0                                                                            ; MBR[6]~reg0                                                                            ; clock      ; clock    ; None                        ; None                      ; 4.257 ns                ;
; N/A                                     ; 224.11 MHz ( period = 4.462 ns )                    ; MAR[0]~reg0                                                                            ; MBR[5]~reg0                                                                            ; clock      ; clock    ; None                        ; None                      ; 4.253 ns                ;
; N/A                                     ; 224.22 MHz ( period = 4.460 ns )                    ; MAR[0]~reg0                                                                            ; MBR[0]~reg0                                                                            ; clock      ; clock    ; None                        ; None                      ; 4.251 ns                ;
; N/A                                     ; 224.32 MHz ( period = 4.458 ns )                    ; MAR[0]~reg0                                                                            ; MBR[2]~reg0                                                                            ; clock      ; clock    ; None                        ; None                      ; 4.249 ns                ;
; N/A                                     ; 225.07 MHz ( period = 4.443 ns )                    ; MAR[0]~reg0                                                                            ; IR[8]~reg0                                                                             ; clock      ; clock    ; None                        ; None                      ; 4.235 ns                ;
; N/A                                     ; 225.17 MHz ( period = 4.441 ns )                    ; MAR[0]~reg0                                                                            ; IR[10]~reg0                                                                            ; clock      ; clock    ; None                        ; None                      ; 4.225 ns                ;
; N/A                                     ; 226.45 MHz ( period = 4.416 ns )                    ; IR[13]~reg0                                                                            ; AC[15]~reg0                                                                            ; clock      ; clock    ; None                        ; None                      ; 4.212 ns                ;
; N/A                                     ; 228.26 MHz ( period = 4.381 ns )                    ; MAR[0]~reg0                                                                            ; IR[11]~reg0                                                                            ; clock      ; clock    ; None                        ; None                      ; 4.165 ns                ;
; N/A                                     ; 228.68 MHz ( period = 4.373 ns )                    ; MAR[0]~reg0                                                                            ; IR[9]~reg0                                                                             ; clock      ; clock    ; None                        ; None                      ; 4.157 ns                ;
; N/A                                     ; 229.89 MHz ( period = 4.350 ns )                    ; IR[15]~reg0                                                                            ; AC[15]~reg0                                                                            ; clock      ; clock    ; None                        ; None                      ; 4.146 ns                ;
; N/A                                     ; 230.41 MHz ( period = 4.340 ns )                    ; altsyncram:Memory_rtl_0|altsyncram_r9n1:auto_generated|ram_block1a0~portb_address_reg0 ; MBR[2]~reg0                                                                            ; clock      ; clock    ; None                        ; None                      ; 4.078 ns                ;
; N/A                                     ; 230.41 MHz ( period = 4.340 ns )                    ; altsyncram:Memory_rtl_0|altsyncram_r9n1:auto_generated|ram_block1a0~portb_address_reg1 ; MBR[2]~reg0                                                                            ; clock      ; clock    ; None                        ; None                      ; 4.078 ns                ;
; N/A                                     ; 230.41 MHz ( period = 4.340 ns )                    ; altsyncram:Memory_rtl_0|altsyncram_r9n1:auto_generated|ram_block1a0~portb_address_reg2 ; MBR[2]~reg0                                                                            ; clock      ; clock    ; None                        ; None                      ; 4.078 ns                ;
; N/A                                     ; 230.41 MHz ( period = 4.340 ns )                    ; altsyncram:Memory_rtl_0|altsyncram_r9n1:auto_generated|ram_block1a0~portb_address_reg3 ; MBR[2]~reg0                                                                            ; clock      ; clock    ; None                        ; None                      ; 4.078 ns                ;
; N/A                                     ; 230.41 MHz ( period = 4.340 ns )                    ; altsyncram:Memory_rtl_0|altsyncram_r9n1:auto_generated|ram_block1a0~portb_address_reg4 ; MBR[2]~reg0                                                                            ; clock      ; clock    ; None                        ; None                      ; 4.078 ns                ;
; N/A                                     ; 230.41 MHz ( period = 4.340 ns )                    ; altsyncram:Memory_rtl_0|altsyncram_r9n1:auto_generated|ram_block1a0~portb_address_reg5 ; MBR[2]~reg0                                                                            ; clock      ; clock    ; None                        ; None                      ; 4.078 ns                ;
; N/A                                     ; 232.13 MHz ( period = 4.308 ns )                    ; altsyncram:Memory_rtl_0|altsyncram_r9n1:auto_generated|ram_block1a0~portb_address_reg0 ; MBR[0]~reg0                                                                            ; clock      ; clock    ; None                        ; None                      ; 4.046 ns                ;
; N/A                                     ; 232.13 MHz ( period = 4.308 ns )                    ; altsyncram:Memory_rtl_0|altsyncram_r9n1:auto_generated|ram_block1a0~portb_address_reg1 ; MBR[0]~reg0                                                                            ; clock      ; clock    ; None                        ; None                      ; 4.046 ns                ;
; N/A                                     ; 232.13 MHz ( period = 4.308 ns )                    ; altsyncram:Memory_rtl_0|altsyncram_r9n1:auto_generated|ram_block1a0~portb_address_reg2 ; MBR[0]~reg0                                                                            ; clock      ; clock    ; None                        ; None                      ; 4.046 ns                ;
; N/A                                     ; 232.13 MHz ( period = 4.308 ns )                    ; altsyncram:Memory_rtl_0|altsyncram_r9n1:auto_generated|ram_block1a0~portb_address_reg3 ; MBR[0]~reg0                                                                            ; clock      ; clock    ; None                        ; None                      ; 4.046 ns                ;
; N/A                                     ; 232.13 MHz ( period = 4.308 ns )                    ; altsyncram:Memory_rtl_0|altsyncram_r9n1:auto_generated|ram_block1a0~portb_address_reg4 ; MBR[0]~reg0                                                                            ; clock      ; clock    ; None                        ; None                      ; 4.046 ns                ;
; N/A                                     ; 232.13 MHz ( period = 4.308 ns )                    ; altsyncram:Memory_rtl_0|altsyncram_r9n1:auto_generated|ram_block1a0~portb_address_reg5 ; MBR[0]~reg0                                                                            ; clock      ; clock    ; None                        ; None                      ; 4.046 ns                ;
; N/A                                     ; 232.40 MHz ( period = 4.303 ns )                    ; altsyncram:Memory_rtl_0|altsyncram_r9n1:auto_generated|ram_block1a0~portb_address_reg0 ; MBR[1]~reg0                                                                            ; clock      ; clock    ; None                        ; None                      ; 4.041 ns                ;
; N/A                                     ; 232.40 MHz ( period = 4.303 ns )                    ; altsyncram:Memory_rtl_0|altsyncram_r9n1:auto_generated|ram_block1a0~portb_address_reg1 ; MBR[1]~reg0                                                                            ; clock      ; clock    ; None                        ; None                      ; 4.041 ns                ;
; N/A                                     ; 232.40 MHz ( period = 4.303 ns )                    ; altsyncram:Memory_rtl_0|altsyncram_r9n1:auto_generated|ram_block1a0~portb_address_reg2 ; MBR[1]~reg0                                                                            ; clock      ; clock    ; None                        ; None                      ; 4.041 ns                ;
; N/A                                     ; 232.40 MHz ( period = 4.303 ns )                    ; altsyncram:Memory_rtl_0|altsyncram_r9n1:auto_generated|ram_block1a0~portb_address_reg3 ; MBR[1]~reg0                                                                            ; clock      ; clock    ; None                        ; None                      ; 4.041 ns                ;
; N/A                                     ; 232.40 MHz ( period = 4.303 ns )                    ; altsyncram:Memory_rtl_0|altsyncram_r9n1:auto_generated|ram_block1a0~portb_address_reg4 ; MBR[1]~reg0                                                                            ; clock      ; clock    ; None                        ; None                      ; 4.041 ns                ;
; N/A                                     ; 232.40 MHz ( period = 4.303 ns )                    ; altsyncram:Memory_rtl_0|altsyncram_r9n1:auto_generated|ram_block1a0~portb_address_reg5 ; MBR[1]~reg0                                                                            ; clock      ; clock    ; None                        ; None                      ; 4.041 ns                ;
; N/A                                     ; 232.45 MHz ( period = 4.302 ns )                    ; MAR[0]~reg0                                                                            ; IR[13]~reg0                                                                            ; clock      ; clock    ; None                        ; None                      ; 4.088 ns                ;
; N/A                                     ; 232.50 MHz ( period = 4.301 ns )                    ; MAR[0]~reg0                                                                            ; IR[12]~reg0                                                                            ; clock      ; clock    ; None                        ; None                      ; 4.087 ns                ;
; N/A                                     ; 232.77 MHz ( period = 4.296 ns )                    ; altsyncram:Memory_rtl_0|altsyncram_r9n1:auto_generated|ram_block1a0~portb_address_reg0 ; MBR[6]~reg0                                                                            ; clock      ; clock    ; None                        ; None                      ; 4.034 ns                ;
; N/A                                     ; 232.77 MHz ( period = 4.296 ns )                    ; altsyncram:Memory_rtl_0|altsyncram_r9n1:auto_generated|ram_block1a0~portb_address_reg1 ; MBR[6]~reg0                                                                            ; clock      ; clock    ; None                        ; None                      ; 4.034 ns                ;
; N/A                                     ; 232.77 MHz ( period = 4.296 ns )                    ; altsyncram:Memory_rtl_0|altsyncram_r9n1:auto_generated|ram_block1a0~portb_address_reg2 ; MBR[6]~reg0                                                                            ; clock      ; clock    ; None                        ; None                      ; 4.034 ns                ;
; N/A                                     ; 232.77 MHz ( period = 4.296 ns )                    ; altsyncram:Memory_rtl_0|altsyncram_r9n1:auto_generated|ram_block1a0~portb_address_reg3 ; MBR[6]~reg0                                                                            ; clock      ; clock    ; None                        ; None                      ; 4.034 ns                ;
; N/A                                     ; 232.77 MHz ( period = 4.296 ns )                    ; altsyncram:Memory_rtl_0|altsyncram_r9n1:auto_generated|ram_block1a0~portb_address_reg4 ; MBR[6]~reg0                                                                            ; clock      ; clock    ; None                        ; None                      ; 4.034 ns                ;
; N/A                                     ; 232.77 MHz ( period = 4.296 ns )                    ; altsyncram:Memory_rtl_0|altsyncram_r9n1:auto_generated|ram_block1a0~portb_address_reg5 ; MBR[6]~reg0                                                                            ; clock      ; clock    ; None                        ; None                      ; 4.034 ns                ;
; N/A                                     ; 232.88 MHz ( period = 4.294 ns )                    ; MAR[0]~reg0                                                                            ; IR[15]~reg0                                                                            ; clock      ; clock    ; None                        ; None                      ; 4.080 ns                ;
; N/A                                     ; 232.94 MHz ( period = 4.293 ns )                    ; altsyncram:Memory_rtl_0|altsyncram_r9n1:auto_generated|ram_block1a0~portb_address_reg0 ; MBR[5]~reg0                                                                            ; clock      ; clock    ; None                        ; None                      ; 4.031 ns                ;
; N/A                                     ; 232.94 MHz ( period = 4.293 ns )                    ; altsyncram:Memory_rtl_0|altsyncram_r9n1:auto_generated|ram_block1a0~portb_address_reg1 ; MBR[5]~reg0                                                                            ; clock      ; clock    ; None                        ; None                      ; 4.031 ns                ;
; N/A                                     ; 232.94 MHz ( period = 4.293 ns )                    ; altsyncram:Memory_rtl_0|altsyncram_r9n1:auto_generated|ram_block1a0~portb_address_reg2 ; MBR[5]~reg0                                                                            ; clock      ; clock    ; None                        ; None                      ; 4.031 ns                ;
; N/A                                     ; 232.94 MHz ( period = 4.293 ns )                    ; altsyncram:Memory_rtl_0|altsyncram_r9n1:auto_generated|ram_block1a0~portb_address_reg3 ; MBR[5]~reg0                                                                            ; clock      ; clock    ; None                        ; None                      ; 4.031 ns                ;
; N/A                                     ; 232.94 MHz ( period = 4.293 ns )                    ; altsyncram:Memory_rtl_0|altsyncram_r9n1:auto_generated|ram_block1a0~portb_address_reg4 ; MBR[5]~reg0                                                                            ; clock      ; clock    ; None                        ; None                      ; 4.031 ns                ;
; N/A                                     ; 232.94 MHz ( period = 4.293 ns )                    ; altsyncram:Memory_rtl_0|altsyncram_r9n1:auto_generated|ram_block1a0~portb_address_reg5 ; MBR[5]~reg0                                                                            ; clock      ; clock    ; None                        ; None                      ; 4.031 ns                ;
; N/A                                     ; 233.92 MHz ( period = 4.275 ns )                    ; IR[12]~reg0                                                                            ; AC[15]~reg0                                                                            ; clock      ; clock    ; None                        ; None                      ; 4.071 ns                ;
; N/A                                     ; 234.91 MHz ( period = 4.257 ns )                    ; IR[13]~reg0                                                                            ; AC[14]~reg0                                                                            ; clock      ; clock    ; None                        ; None                      ; 4.053 ns                ;
; N/A                                     ; 234.96 MHz ( period = 4.256 ns )                    ; MAR[3]~reg0                                                                            ; MBR[1]~reg0                                                                            ; clock      ; clock    ; None                        ; None                      ; 4.047 ns                ;
; N/A                                     ; 235.02 MHz ( period = 4.255 ns )                    ; MAR[3]~reg0                                                                            ; MBR[6]~reg0                                                                            ; clock      ; clock    ; None                        ; None                      ; 4.046 ns                ;
; N/A                                     ; 235.24 MHz ( period = 4.251 ns )                    ; MAR[3]~reg0                                                                            ; MBR[5]~reg0                                                                            ; clock      ; clock    ; None                        ; None                      ; 4.042 ns                ;
; N/A                                     ; 235.35 MHz ( period = 4.249 ns )                    ; MAR[3]~reg0                                                                            ; MBR[0]~reg0                                                                            ; clock      ; clock    ; None                        ; None                      ; 4.040 ns                ;
; N/A                                     ; 235.46 MHz ( period = 4.247 ns )                    ; MAR[3]~reg0                                                                            ; MBR[2]~reg0                                                                            ; clock      ; clock    ; None                        ; None                      ; 4.038 ns                ;
; N/A                                     ; 236.29 MHz ( period = 4.232 ns )                    ; MAR[3]~reg0                                                                            ; IR[8]~reg0                                                                             ; clock      ; clock    ; None                        ; None                      ; 4.024 ns                ;
; N/A                                     ; 236.41 MHz ( period = 4.230 ns )                    ; MAR[3]~reg0                                                                            ; IR[10]~reg0                                                                            ; clock      ; clock    ; None                        ; None                      ; 4.014 ns                ;
; N/A                                     ; 237.25 MHz ( period = 4.215 ns )                    ; altsyncram:Memory_rtl_0|altsyncram_r9n1:auto_generated|ram_block1a0~portb_address_reg0 ; MBR[14]~reg0                                                                           ; clock      ; clock    ; None                        ; None                      ; 3.949 ns                ;
; N/A                                     ; 237.25 MHz ( period = 4.215 ns )                    ; altsyncram:Memory_rtl_0|altsyncram_r9n1:auto_generated|ram_block1a0~portb_address_reg1 ; MBR[14]~reg0                                                                           ; clock      ; clock    ; None                        ; None                      ; 3.949 ns                ;
; N/A                                     ; 237.25 MHz ( period = 4.215 ns )                    ; altsyncram:Memory_rtl_0|altsyncram_r9n1:auto_generated|ram_block1a0~portb_address_reg2 ; MBR[14]~reg0                                                                           ; clock      ; clock    ; None                        ; None                      ; 3.949 ns                ;
; N/A                                     ; 237.25 MHz ( period = 4.215 ns )                    ; altsyncram:Memory_rtl_0|altsyncram_r9n1:auto_generated|ram_block1a0~portb_address_reg3 ; MBR[14]~reg0                                                                           ; clock      ; clock    ; None                        ; None                      ; 3.949 ns                ;
; N/A                                     ; 237.25 MHz ( period = 4.215 ns )                    ; altsyncram:Memory_rtl_0|altsyncram_r9n1:auto_generated|ram_block1a0~portb_address_reg4 ; MBR[14]~reg0                                                                           ; clock      ; clock    ; None                        ; None                      ; 3.949 ns                ;
; N/A                                     ; 237.25 MHz ( period = 4.215 ns )                    ; altsyncram:Memory_rtl_0|altsyncram_r9n1:auto_generated|ram_block1a0~portb_address_reg5 ; MBR[14]~reg0                                                                           ; clock      ; clock    ; None                        ; None                      ; 3.949 ns                ;
; N/A                                     ; 238.61 MHz ( period = 4.191 ns )                    ; IR[15]~reg0                                                                            ; AC[14]~reg0                                                                            ; clock      ; clock    ; None                        ; None                      ; 3.987 ns                ;
; N/A                                     ; Restricted to 235.07 MHz ( period = 4.254 ns )      ; state.000                                                                              ; altsyncram:Memory_rtl_0|altsyncram_r9n1:auto_generated|ram_block1a0~portb_address_reg5 ; clock      ; clock    ; None                        ; None                      ; 3.571 ns                ;
; N/A                                     ; Restricted to 235.07 MHz ( period = 4.254 ns )      ; MAR[3]~reg0                                                                            ; altsyncram:Memory_rtl_0|altsyncram_r9n1:auto_generated|ram_block1a0~portb_address_reg3 ; clock      ; clock    ; None                        ; None                      ; 3.319 ns                ;
; N/A                                     ; Restricted to 235.07 MHz ( period = 4.254 ns )      ; state.010                                                                              ; altsyncram:Memory_rtl_0|altsyncram_r9n1:auto_generated|ram_block1a0~portb_address_reg4 ; clock      ; clock    ; None                        ; None                      ; 3.082 ns                ;
; N/A                                     ; Restricted to 235.07 MHz ( period = 4.254 ns )      ; MAR[2]~reg0                                                                            ; altsyncram:Memory_rtl_0|altsyncram_r9n1:auto_generated|ram_block1a0~portb_address_reg2 ; clock      ; clock    ; None                        ; None                      ; 3.076 ns                ;
; N/A                                     ; Restricted to 235.07 MHz ( period = 4.254 ns )      ; state.010                                                                              ; altsyncram:Memory_rtl_0|altsyncram_r9n1:auto_generated|ram_block1a0~portb_address_reg3 ; clock      ; clock    ; None                        ; None                      ; 3.023 ns                ;
; N/A                                     ; Restricted to 235.07 MHz ( period = 4.254 ns )      ; state.000                                                                              ; altsyncram:Memory_rtl_0|altsyncram_r9n1:auto_generated|ram_block1a0~portb_address_reg4 ; clock      ; clock    ; None                        ; None                      ; 3.002 ns                ;
; N/A                                     ; Restricted to 235.07 MHz ( period = 4.254 ns )      ; PC[1]~reg0                                                                             ; altsyncram:Memory_rtl_0|altsyncram_r9n1:auto_generated|ram_block1a0~portb_address_reg1 ; clock      ; clock    ; None                        ; None                      ; 2.868 ns                ;
; N/A                                     ; Restricted to 235.07 MHz ( period = 4.254 ns )      ; PC[5]~reg0                                                                             ; altsyncram:Memory_rtl_0|altsyncram_r9n1:auto_generated|ram_block1a0~portb_address_reg5 ; clock      ; clock    ; None                        ; None                      ; 2.837 ns                ;
; N/A                                     ; Restricted to 235.07 MHz ( period = 4.254 ns )      ; MAR[4]~reg0                                                                            ; altsyncram:Memory_rtl_0|altsyncram_r9n1:auto_generated|ram_block1a0~portb_address_reg4 ; clock      ; clock    ; None                        ; None                      ; 2.809 ns                ;
; N/A                                     ; Restricted to 235.07 MHz ( period = 4.254 ns )      ; state.000                                                                              ; altsyncram:Memory_rtl_0|altsyncram_r9n1:auto_generated|ram_block1a0~portb_address_reg3 ; clock      ; clock    ; None                        ; None                      ; 2.802 ns                ;
; N/A                                     ; Restricted to 235.07 MHz ( period = 4.254 ns )      ; state.010                                                                              ; altsyncram:Memory_rtl_0|altsyncram_r9n1:auto_generated|ram_block1a0~portb_address_reg0 ; clock      ; clock    ; None                        ; None                      ; 2.779 ns                ;
; N/A                                     ; Restricted to 235.07 MHz ( period = 4.254 ns )      ; PC[4]~reg0                                                                             ; altsyncram:Memory_rtl_0|altsyncram_r9n1:auto_generated|ram_block1a0~portb_address_reg4 ; clock      ; clock    ; None                        ; None                      ; 2.775 ns                ;
; N/A                                     ; Restricted to 235.07 MHz ( period = 4.254 ns )      ; PC[2]~reg0                                                                             ; altsyncram:Memory_rtl_0|altsyncram_r9n1:auto_generated|ram_block1a0~portb_address_reg2 ; clock      ; clock    ; None                        ; None                      ; 2.767 ns                ;
; N/A                                     ; Restricted to 235.07 MHz ( period = 4.254 ns )      ; state.000                                                                              ; altsyncram:Memory_rtl_0|altsyncram_r9n1:auto_generated|ram_block1a0~portb_address_reg2 ; clock      ; clock    ; None                        ; None                      ; 2.730 ns                ;
; N/A                                     ; Restricted to 235.07 MHz ( period = 4.254 ns )      ; state.000                                                                              ; altsyncram:Memory_rtl_0|altsyncram_r9n1:auto_generated|ram_block1a0~portb_address_reg1 ; clock      ; clock    ; None                        ; None                      ; 2.728 ns                ;
; N/A                                     ; Restricted to 235.07 MHz ( period = 4.254 ns )      ; altsyncram:Memory_rtl_0|altsyncram_r9n1:auto_generated|ram_block1a0~porta_datain_reg0  ; altsyncram:Memory_rtl_0|altsyncram_r9n1:auto_generated|ram_block1a0~porta_memory_reg0  ; clock      ; clock    ; None                        ; None                      ; 2.645 ns                ;
; N/A                                     ; Restricted to 235.07 MHz ( period = 4.254 ns )      ; altsyncram:Memory_rtl_0|altsyncram_r9n1:auto_generated|ram_block1a0~porta_datain_reg1  ; altsyncram:Memory_rtl_0|altsyncram_r9n1:auto_generated|ram_block1a1~porta_memory_reg0  ; clock      ; clock    ; None                        ; None                      ; 2.645 ns                ;
; N/A                                     ; Restricted to 235.07 MHz ( period = 4.254 ns )      ; altsyncram:Memory_rtl_0|altsyncram_r9n1:auto_generated|ram_block1a0~porta_datain_reg2  ; altsyncram:Memory_rtl_0|altsyncram_r9n1:auto_generated|ram_block1a2~porta_memory_reg0  ; clock      ; clock    ; None                        ; None                      ; 2.645 ns                ;
; N/A                                     ; Restricted to 235.07 MHz ( period = 4.254 ns )      ; altsyncram:Memory_rtl_0|altsyncram_r9n1:auto_generated|ram_block1a0~porta_datain_reg3  ; altsyncram:Memory_rtl_0|altsyncram_r9n1:auto_generated|ram_block1a3~porta_memory_reg0  ; clock      ; clock    ; None                        ; None                      ; 2.645 ns                ;
; N/A                                     ; Restricted to 235.07 MHz ( period = 4.254 ns )      ; altsyncram:Memory_rtl_0|altsyncram_r9n1:auto_generated|ram_block1a0~porta_datain_reg4  ; altsyncram:Memory_rtl_0|altsyncram_r9n1:auto_generated|ram_block1a4~porta_memory_reg0  ; clock      ; clock    ; None                        ; None                      ; 2.645 ns                ;
; N/A                                     ; Restricted to 235.07 MHz ( period = 4.254 ns )      ; altsyncram:Memory_rtl_0|altsyncram_r9n1:auto_generated|ram_block1a0~porta_datain_reg5  ; altsyncram:Memory_rtl_0|altsyncram_r9n1:auto_generated|ram_block1a5~porta_memory_reg0  ; clock      ; clock    ; None                        ; None                      ; 2.645 ns                ;
; N/A                                     ; Restricted to 235.07 MHz ( period = 4.254 ns )      ; altsyncram:Memory_rtl_0|altsyncram_r9n1:auto_generated|ram_block1a0~porta_datain_reg6  ; altsyncram:Memory_rtl_0|altsyncram_r9n1:auto_generated|ram_block1a6~porta_memory_reg0  ; clock      ; clock    ; None                        ; None                      ; 2.645 ns                ;
; N/A                                     ; Restricted to 235.07 MHz ( period = 4.254 ns )      ; altsyncram:Memory_rtl_0|altsyncram_r9n1:auto_generated|ram_block1a0~porta_datain_reg7  ; altsyncram:Memory_rtl_0|altsyncram_r9n1:auto_generated|ram_block1a7~porta_memory_reg0  ; clock      ; clock    ; None                        ; None                      ; 2.645 ns                ;
; N/A                                     ; Restricted to 235.07 MHz ( period = 4.254 ns )      ; altsyncram:Memory_rtl_0|altsyncram_r9n1:auto_generated|ram_block1a0~porta_datain_reg8  ; altsyncram:Memory_rtl_0|altsyncram_r9n1:auto_generated|ram_block1a8~porta_memory_reg0  ; clock      ; clock    ; None                        ; None                      ; 2.645 ns                ;
; N/A                                     ; Restricted to 235.07 MHz ( period = 4.254 ns )      ; altsyncram:Memory_rtl_0|altsyncram_r9n1:auto_generated|ram_block1a0~porta_datain_reg9  ; altsyncram:Memory_rtl_0|altsyncram_r9n1:auto_generated|ram_block1a9~porta_memory_reg0  ; clock      ; clock    ; None                        ; None                      ; 2.645 ns                ;
; N/A                                     ; Restricted to 235.07 MHz ( period = 4.254 ns )      ; altsyncram:Memory_rtl_0|altsyncram_r9n1:auto_generated|ram_block1a0~porta_datain_reg10 ; altsyncram:Memory_rtl_0|altsyncram_r9n1:auto_generated|ram_block1a10~porta_memory_reg0 ; clock      ; clock    ; None                        ; None                      ; 2.645 ns                ;
; N/A                                     ; Restricted to 235.07 MHz ( period = 4.254 ns )      ; altsyncram:Memory_rtl_0|altsyncram_r9n1:auto_generated|ram_block1a0~porta_datain_reg11 ; altsyncram:Memory_rtl_0|altsyncram_r9n1:auto_generated|ram_block1a11~porta_memory_reg0 ; clock      ; clock    ; None                        ; None                      ; 2.645 ns                ;
; N/A                                     ; Restricted to 235.07 MHz ( period = 4.254 ns )      ; altsyncram:Memory_rtl_0|altsyncram_r9n1:auto_generated|ram_block1a0~porta_datain_reg12 ; altsyncram:Memory_rtl_0|altsyncram_r9n1:auto_generated|ram_block1a12~porta_memory_reg0 ; clock      ; clock    ; None                        ; None                      ; 2.645 ns                ;
; N/A                                     ; Restricted to 235.07 MHz ( period = 4.254 ns )      ; altsyncram:Memory_rtl_0|altsyncram_r9n1:auto_generated|ram_block1a0~porta_datain_reg13 ; altsyncram:Memory_rtl_0|altsyncram_r9n1:auto_generated|ram_block1a13~porta_memory_reg0 ; clock      ; clock    ; None                        ; None                      ; 2.645 ns                ;
; N/A                                     ; Restricted to 235.07 MHz ( period = 4.254 ns )      ; altsyncram:Memory_rtl_0|altsyncram_r9n1:auto_generated|ram_block1a0~porta_datain_reg14 ; altsyncram:Memory_rtl_0|altsyncram_r9n1:auto_generated|ram_block1a14~porta_memory_reg0 ; clock      ; clock    ; None                        ; None                      ; 2.645 ns                ;
; N/A                                     ; Restricted to 235.07 MHz ( period = 4.254 ns )      ; altsyncram:Memory_rtl_0|altsyncram_r9n1:auto_generated|ram_block1a0~porta_datain_reg15 ; altsyncram:Memory_rtl_0|altsyncram_r9n1:auto_generated|ram_block1a15~porta_memory_reg0 ; clock      ; clock    ; None                        ; None                      ; 2.645 ns                ;
; N/A                                     ; Restricted to 235.07 MHz ( period = 4.254 ns )      ; MAR[1]~reg0                                                                            ; altsyncram:Memory_rtl_0|altsyncram_r9n1:auto_generated|ram_block1a0~portb_address_reg1 ; clock      ; clock    ; None                        ; None                      ; 2.702 ns                ;
; N/A                                     ; Restricted to 235.07 MHz ( period = 4.254 ns )      ; IR[5]~reg0                                                                             ; altsyncram:Memory_rtl_0|altsyncram_r9n1:auto_generated|ram_block1a0~portb_address_reg5 ; clock      ; clock    ; None                        ; None                      ; 2.631 ns                ;
; N/A                                     ; Restricted to 235.07 MHz ( period = 4.254 ns )      ; PC[3]~reg0                                                                             ; altsyncram:Memory_rtl_0|altsyncram_r9n1:auto_generated|ram_block1a0~portb_address_reg3 ; clock      ; clock    ; None                        ; None                      ; 2.615 ns                ;
; N/A                                     ; Restricted to 235.07 MHz ( period = 4.254 ns )      ; MAR[0]~reg0                                                                            ; altsyncram:Memory_rtl_0|altsyncram_r9n1:auto_generated|ram_block1a0~portb_address_reg0 ; clock      ; clock    ; None                        ; None                      ; 2.617 ns                ;
; N/A                                     ; Restricted to 235.07 MHz ( period = 4.254 ns )      ; MAR[5]~reg0                                                                            ; altsyncram:Memory_rtl_0|altsyncram_r9n1:auto_generated|ram_block1a0~portb_address_reg5 ; clock      ; clock    ; None                        ; None                      ; 2.586 ns                ;
; N/A                                     ; Restricted to 235.07 MHz ( period = 4.254 ns )      ; IR[15]~reg0                                                                            ; altsyncram:Memory_rtl_0|altsyncram_r9n1:auto_generated|ram_block1a0~porta_we_reg       ; clock      ; clock    ; None                        ; None                      ; 2.534 ns                ;
; N/A                                     ; Restricted to 235.07 MHz ( period = 4.254 ns )      ; PC[0]~reg0                                                                             ; altsyncram:Memory_rtl_0|altsyncram_r9n1:auto_generated|ram_block1a0~portb_address_reg0 ; clock      ; clock    ; None                        ; None                      ; 2.552 ns                ;
; N/A                                     ; Restricted to 235.07 MHz ( period = 4.254 ns )      ; state.010                                                                              ; altsyncram:Memory_rtl_0|altsyncram_r9n1:auto_generated|ram_block1a0~portb_address_reg1 ; clock      ; clock    ; None                        ; None                      ; 2.543 ns                ;
; N/A                                     ; Restricted to 235.07 MHz ( period = 4.254 ns )      ; state.010                                                                              ; altsyncram:Memory_rtl_0|altsyncram_r9n1:auto_generated|ram_block1a0~portb_address_reg2 ; clock      ; clock    ; None                        ; None                      ; 2.537 ns                ;
; N/A                                     ; Restricted to 235.07 MHz ( period = 4.254 ns )      ; state.010                                                                              ; altsyncram:Memory_rtl_0|altsyncram_r9n1:auto_generated|ram_block1a0~portb_address_reg5 ; clock      ; clock    ; None                        ; None                      ; 2.472 ns                ;
; N/A                                     ; Restricted to 235.07 MHz ( period = 4.254 ns )      ; IR[12]~reg0                                                                            ; altsyncram:Memory_rtl_0|altsyncram_r9n1:auto_generated|ram_block1a0~porta_we_reg       ; clock      ; clock    ; None                        ; None                      ; 2.410 ns                ;
; N/A                                     ; Restricted to 235.07 MHz ( period = 4.254 ns )      ; state.000                                                                              ; altsyncram:Memory_rtl_0|altsyncram_r9n1:auto_generated|ram_block1a0~portb_address_reg0 ; clock      ; clock    ; None                        ; None                      ; 2.430 ns                ;
; N/A                                     ; Restricted to 235.07 MHz ( period = 4.254 ns )      ; IR[14]~reg0                                                                            ; altsyncram:Memory_rtl_0|altsyncram_r9n1:auto_generated|ram_block1a0~porta_we_reg       ; clock      ; clock    ; None                        ; None                      ; 2.279 ns                ;
; N/A                                     ; Restricted to 235.07 MHz ( period = 4.254 ns )      ; IR[3]~reg0                                                                             ; altsyncram:Memory_rtl_0|altsyncram_r9n1:auto_generated|ram_block1a0~portb_address_reg3 ; clock      ; clock    ; None                        ; None                      ; 2.160 ns                ;
; N/A                                     ; Restricted to 235.07 MHz ( period = 4.254 ns )      ; IR[4]~reg0                                                                             ; altsyncram:Memory_rtl_0|altsyncram_r9n1:auto_generated|ram_block1a0~portb_address_reg4 ; clock      ; clock    ; None                        ; None                      ; 2.051 ns                ;
; N/A                                     ; Restricted to 235.07 MHz ( period = 4.254 ns )      ; IR[0]~reg0                                                                             ; altsyncram:Memory_rtl_0|altsyncram_r9n1:auto_generated|ram_block1a0~portb_address_reg0 ; clock      ; clock    ; None                        ; None                      ; 1.974 ns                ;
; N/A                                     ; Restricted to 235.07 MHz ( period = 4.254 ns )      ; IR[2]~reg0                                                                             ; altsyncram:Memory_rtl_0|altsyncram_r9n1:auto_generated|ram_block1a0~portb_address_reg2 ; clock      ; clock    ; None                        ; None                      ; 1.960 ns                ;
; N/A                                     ; Restricted to 235.07 MHz ( period = 4.254 ns )      ; IR[1]~reg0                                                                             ; altsyncram:Memory_rtl_0|altsyncram_r9n1:auto_generated|ram_block1a0~portb_address_reg1 ; clock      ; clock    ; None                        ; None                      ; 1.946 ns                ;
; N/A                                     ; Restricted to 235.07 MHz ( period = 4.254 ns )      ; state.100                                                                              ; altsyncram:Memory_rtl_0|altsyncram_r9n1:auto_generated|ram_block1a0~porta_we_reg       ; clock      ; clock    ; None                        ; None                      ; 1.863 ns                ;
; N/A                                     ; Restricted to 235.07 MHz ( period = 4.254 ns )      ; MAR[0]~reg0                                                                            ; altsyncram:Memory_rtl_0|altsyncram_r9n1:auto_generated|ram_block1a0~porta_address_reg0 ; clock      ; clock    ; None                        ; None                      ; 1.785 ns                ;
; N/A                                     ; Restricted to 235.07 MHz ( period = 4.254 ns )      ; IR[13]~reg0                                                                            ; altsyncram:Memory_rtl_0|altsyncram_r9n1:auto_generated|ram_block1a0~porta_we_reg       ; clock      ; clock    ; None                        ; None                      ; 1.595 ns                ;
; N/A                                     ; Restricted to 235.07 MHz ( period = 4.254 ns )      ; MAR[5]~reg0                                                                            ; altsyncram:Memory_rtl_0|altsyncram_r9n1:auto_generated|ram_block1a0~porta_address_reg5 ; clock      ; clock    ; None                        ; None                      ; 1.286 ns                ;
; N/A                                     ; Restricted to 235.07 MHz ( period = 4.254 ns )      ; MBR[0]~reg0                                                                            ; altsyncram:Memory_rtl_0|altsyncram_r9n1:auto_generated|ram_block1a0~porta_datain_reg0  ; clock      ; clock    ; None                        ; None                      ; 1.179 ns                ;
; N/A                                     ; Restricted to 235.07 MHz ( period = 4.254 ns )      ; MBR[3]~reg0                                                                            ; altsyncram:Memory_rtl_0|altsyncram_r9n1:auto_generated|ram_block1a0~porta_datain_reg3  ; clock      ; clock    ; None                        ; None                      ; 1.035 ns                ;
; N/A                                     ; Restricted to 235.07 MHz ( period = 4.254 ns )      ; MAR[3]~reg0                                                                            ; altsyncram:Memory_rtl_0|altsyncram_r9n1:auto_generated|ram_block1a0~porta_address_reg3 ; clock      ; clock    ; None                        ; None                      ; 1.035 ns                ;
; N/A                                     ; Restricted to 235.07 MHz ( period = 4.254 ns )      ; MAR[2]~reg0                                                                            ; altsyncram:Memory_rtl_0|altsyncram_r9n1:auto_generated|ram_block1a0~porta_address_reg2 ; clock      ; clock    ; None                        ; None                      ; 0.999 ns                ;
; N/A                                     ; Restricted to 235.07 MHz ( period = 4.254 ns )      ; MAR[1]~reg0                                                                            ; altsyncram:Memory_rtl_0|altsyncram_r9n1:auto_generated|ram_block1a0~porta_address_reg1 ; clock      ; clock    ; None                        ; None                      ; 0.992 ns                ;
; N/A                                     ; Restricted to 235.07 MHz ( period = 4.254 ns )      ; MAR[4]~reg0                                                                            ; altsyncram:Memory_rtl_0|altsyncram_r9n1:auto_generated|ram_block1a0~porta_address_reg4 ; clock      ; clock    ; None                        ; None                      ; 0.988 ns                ;
; N/A                                     ; Restricted to 235.07 MHz ( period = 4.254 ns )      ; MBR[8]~reg0                                                                            ; altsyncram:Memory_rtl_0|altsyncram_r9n1:auto_generated|ram_block1a0~porta_datain_reg8  ; clock      ; clock    ; None                        ; None                      ; 0.980 ns                ;
; N/A                                     ; Restricted to 235.07 MHz ( period = 4.254 ns )      ; MBR[1]~reg0                                                                            ; altsyncram:Memory_rtl_0|altsyncram_r9n1:auto_generated|ram_block1a0~porta_datain_reg1  ; clock      ; clock    ; None                        ; None                      ; 0.959 ns                ;
; N/A                                     ; Restricted to 235.07 MHz ( period = 4.254 ns )      ; MBR[4]~reg0                                                                            ; altsyncram:Memory_rtl_0|altsyncram_r9n1:auto_generated|ram_block1a0~porta_datain_reg4  ; clock      ; clock    ; None                        ; None                      ; 0.959 ns                ;
; N/A                                     ; Restricted to 235.07 MHz ( period = 4.254 ns )      ; MBR[7]~reg0                                                                            ; altsyncram:Memory_rtl_0|altsyncram_r9n1:auto_generated|ram_block1a0~porta_datain_reg7  ; clock      ; clock    ; None                        ; None                      ; 0.956 ns                ;
; N/A                                     ; Restricted to 235.07 MHz ( period = 4.254 ns )      ; MBR[6]~reg0                                                                            ; altsyncram:Memory_rtl_0|altsyncram_r9n1:auto_generated|ram_block1a0~porta_datain_reg6  ; clock      ; clock    ; None                        ; None                      ; 0.950 ns                ;
; N/A                                     ; Restricted to 235.07 MHz ( period = 4.254 ns )      ; MBR[5]~reg0                                                                            ; altsyncram:Memory_rtl_0|altsyncram_r9n1:auto_generated|ram_block1a0~porta_datain_reg5  ; clock      ; clock    ; None                        ; None                      ; 0.947 ns                ;
; N/A                                     ; Restricted to 235.07 MHz ( period = 4.254 ns )      ; MBR[2]~reg0                                                                            ; altsyncram:Memory_rtl_0|altsyncram_r9n1:auto_generated|ram_block1a0~porta_datain_reg2  ; clock      ; clock    ; None                        ; None                      ; 0.946 ns                ;
; N/A                                     ; Restricted to 235.07 MHz ( period = 4.254 ns )      ; MBR[10]~reg0                                                                           ; altsyncram:Memory_rtl_0|altsyncram_r9n1:auto_generated|ram_block1a0~porta_datain_reg10 ; clock      ; clock    ; None                        ; None                      ; 0.713 ns                ;
; N/A                                     ; Restricted to 235.07 MHz ( period = 4.254 ns )      ; MBR[15]~reg0                                                                           ; altsyncram:Memory_rtl_0|altsyncram_r9n1:auto_generated|ram_block1a0~porta_datain_reg15 ; clock      ; clock    ; None                        ; None                      ; 0.699 ns                ;
; N/A                                     ; Restricted to 235.07 MHz ( period = 4.254 ns )      ; MBR[9]~reg0                                                                            ; altsyncram:Memory_rtl_0|altsyncram_r9n1:auto_generated|ram_block1a0~porta_datain_reg9  ; clock      ; clock    ; None                        ; None                      ; 0.698 ns                ;
; N/A                                     ; Restricted to 235.07 MHz ( period = 4.254 ns )      ; MBR[11]~reg0                                                                           ; altsyncram:Memory_rtl_0|altsyncram_r9n1:auto_generated|ram_block1a0~porta_datain_reg11 ; clock      ; clock    ; None                        ; None                      ; 0.690 ns                ;
; N/A                                     ; Restricted to 235.07 MHz ( period = 4.254 ns )      ; MBR[13]~reg0                                                                           ; altsyncram:Memory_rtl_0|altsyncram_r9n1:auto_generated|ram_block1a0~porta_datain_reg13 ; clock      ; clock    ; None                        ; None                      ; 0.689 ns                ;
; N/A                                     ; Restricted to 235.07 MHz ( period = 4.254 ns )      ; MBR[12]~reg0                                                                           ; altsyncram:Memory_rtl_0|altsyncram_r9n1:auto_generated|ram_block1a0~porta_datain_reg12 ; clock      ; clock    ; None                        ; None                      ; 0.688 ns                ;
; Timing analysis restricted to 200 rows. ; To change the limit use Settings (Assignments menu) ;                                                                                        ;                                                                                        ;            ;          ;                             ;                           ;                         ;
+-----------------------------------------+-----------------------------------------------------+----------------------------------------------------------------------------------------+----------------------------------------------------------------------------------------+------------+----------+-----------------------------+---------------------------+-------------------------+


+-------------------------------------------------------------------------+
; tco                                                                     ;
+-------+--------------+------------+--------------+---------+------------+
; Slack ; Required tco ; Actual tco ; From         ; To      ; From Clock ;
+-------+--------------+------------+--------------+---------+------------+
; N/A   ; None         ; 7.235 ns   ; IR[1]~reg0   ; IR[1]   ; clock      ;
; N/A   ; None         ; 7.138 ns   ; MBR[8]~reg0  ; MBR[8]  ; clock      ;
; N/A   ; None         ; 7.119 ns   ; MAR[8]~reg0  ; MAR[8]  ; clock      ;
; N/A   ; None         ; 7.098 ns   ; MBR[9]~reg0  ; MBR[9]  ; clock      ;
; N/A   ; None         ; 7.092 ns   ; MBR[13]~reg0 ; MBR[13] ; clock      ;
; N/A   ; None         ; 7.063 ns   ; PC[6]~reg0   ; PC[6]   ; clock      ;
; N/A   ; None         ; 6.987 ns   ; PC[7]~reg0   ; PC[7]   ; clock      ;
; N/A   ; None         ; 6.969 ns   ; PC[4]~reg0   ; PC[4]   ; clock      ;
; N/A   ; None         ; 6.920 ns   ; IR[11]~reg0  ; IR[11]  ; clock      ;
; N/A   ; None         ; 6.910 ns   ; IR[2]~reg0   ; IR[2]   ; clock      ;
; N/A   ; None         ; 6.885 ns   ; MAR[9]~reg0  ; MAR[9]  ; clock      ;
; N/A   ; None         ; 6.885 ns   ; PC[2]~reg0   ; PC[2]   ; clock      ;
; N/A   ; None         ; 6.832 ns   ; PC[1]~reg0   ; PC[1]   ; clock      ;
; N/A   ; None         ; 6.827 ns   ; MAR[0]~reg0  ; MAR[0]  ; clock      ;
; N/A   ; None         ; 6.823 ns   ; IR[13]~reg0  ; IR[13]  ; clock      ;
; N/A   ; None         ; 6.780 ns   ; PC[5]~reg0   ; PC[5]   ; clock      ;
; N/A   ; None         ; 6.777 ns   ; IR[15]~reg0  ; IR[15]  ; clock      ;
; N/A   ; None         ; 6.777 ns   ; IR[10]~reg0  ; IR[10]  ; clock      ;
; N/A   ; None         ; 6.772 ns   ; IR[7]~reg0   ; IR[7]   ; clock      ;
; N/A   ; None         ; 6.766 ns   ; MAR[10]~reg0 ; MAR[10] ; clock      ;
; N/A   ; None         ; 6.756 ns   ; AC[13]~reg0  ; AC[13]  ; clock      ;
; N/A   ; None         ; 6.741 ns   ; AC[7]~reg0   ; AC[7]   ; clock      ;
; N/A   ; None         ; 6.723 ns   ; IR[8]~reg0   ; IR[8]   ; clock      ;
; N/A   ; None         ; 6.720 ns   ; AC[10]~reg0  ; AC[10]  ; clock      ;
; N/A   ; None         ; 6.703 ns   ; IR[9]~reg0   ; IR[9]   ; clock      ;
; N/A   ; None         ; 6.699 ns   ; AC[15]~reg0  ; AC[15]  ; clock      ;
; N/A   ; None         ; 6.687 ns   ; AC[4]~reg0   ; AC[4]   ; clock      ;
; N/A   ; None         ; 6.677 ns   ; MAR[6]~reg0  ; MAR[6]  ; clock      ;
; N/A   ; None         ; 6.662 ns   ; IR[0]~reg0   ; IR[0]   ; clock      ;
; N/A   ; None         ; 6.605 ns   ; IR[6]~reg0   ; IR[6]   ; clock      ;
; N/A   ; None         ; 6.603 ns   ; IR[5]~reg0   ; IR[5]   ; clock      ;
; N/A   ; None         ; 6.590 ns   ; AC[14]~reg0  ; AC[14]  ; clock      ;
; N/A   ; None         ; 6.572 ns   ; AC[6]~reg0   ; AC[6]   ; clock      ;
; N/A   ; None         ; 6.566 ns   ; IR[4]~reg0   ; IR[4]   ; clock      ;
; N/A   ; None         ; 6.547 ns   ; AC[8]~reg0   ; AC[8]   ; clock      ;
; N/A   ; None         ; 6.544 ns   ; MAR[11]~reg0 ; MAR[11] ; clock      ;
; N/A   ; None         ; 6.537 ns   ; AC[0]~reg0   ; AC[0]   ; clock      ;
; N/A   ; None         ; 6.534 ns   ; IR[12]~reg0  ; IR[12]  ; clock      ;
; N/A   ; None         ; 6.529 ns   ; MBR[12]~reg0 ; MBR[12] ; clock      ;
; N/A   ; None         ; 6.526 ns   ; MAR[3]~reg0  ; MAR[3]  ; clock      ;
; N/A   ; None         ; 6.511 ns   ; MAR[5]~reg0  ; MAR[5]  ; clock      ;
; N/A   ; None         ; 6.509 ns   ; MBR[10]~reg0 ; MBR[10] ; clock      ;
; N/A   ; None         ; 6.506 ns   ; PC[8]~reg0   ; PC[8]   ; clock      ;
; N/A   ; None         ; 6.494 ns   ; IR[14]~reg0  ; IR[14]  ; clock      ;
; N/A   ; None         ; 6.478 ns   ; MBR[15]~reg0 ; MBR[15] ; clock      ;
; N/A   ; None         ; 6.472 ns   ; MBR[14]~reg0 ; MBR[14] ; clock      ;
; N/A   ; None         ; 6.461 ns   ; MAR[2]~reg0  ; MAR[2]  ; clock      ;
; N/A   ; None         ; 6.431 ns   ; MBR[6]~reg0  ; MBR[6]  ; clock      ;
; N/A   ; None         ; 6.418 ns   ; PC[0]~reg0   ; PC[0]   ; clock      ;
; N/A   ; None         ; 6.376 ns   ; MAR[4]~reg0  ; MAR[4]  ; clock      ;
; N/A   ; None         ; 6.359 ns   ; MAR[1]~reg0  ; MAR[1]  ; clock      ;
; N/A   ; None         ; 6.351 ns   ; MBR[1]~reg0  ; MBR[1]  ; clock      ;
; N/A   ; None         ; 6.348 ns   ; MAR[7]~reg0  ; MAR[7]  ; clock      ;
; N/A   ; None         ; 6.309 ns   ; AC[5]~reg0   ; AC[5]   ; clock      ;
; N/A   ; None         ; 6.287 ns   ; PC[11]~reg0  ; PC[11]  ; clock      ;
; N/A   ; None         ; 6.276 ns   ; PC[3]~reg0   ; PC[3]   ; clock      ;
; N/A   ; None         ; 6.273 ns   ; AC[12]~reg0  ; AC[12]  ; clock      ;
; N/A   ; None         ; 6.260 ns   ; MBR[4]~reg0  ; MBR[4]  ; clock      ;
; N/A   ; None         ; 6.257 ns   ; MBR[3]~reg0  ; MBR[3]  ; clock      ;
; N/A   ; None         ; 6.228 ns   ; AC[2]~reg0   ; AC[2]   ; clock      ;
; N/A   ; None         ; 6.211 ns   ; MBR[5]~reg0  ; MBR[5]  ; clock      ;
; N/A   ; None         ; 6.174 ns   ; AC[9]~reg0   ; AC[9]   ; clock      ;
; N/A   ; None         ; 6.141 ns   ; AC[3]~reg0   ; AC[3]   ; clock      ;
; N/A   ; None         ; 6.130 ns   ; MBR[7]~reg0  ; MBR[7]  ; clock      ;
; N/A   ; None         ; 6.125 ns   ; MBR[2]~reg0  ; MBR[2]  ; clock      ;
; N/A   ; None         ; 6.113 ns   ; MBR[0]~reg0  ; MBR[0]  ; clock      ;
; N/A   ; None         ; 6.110 ns   ; MBR[11]~reg0 ; MBR[11] ; clock      ;
; N/A   ; None         ; 6.106 ns   ; IR[3]~reg0   ; IR[3]   ; clock      ;
; N/A   ; None         ; 6.081 ns   ; AC[11]~reg0  ; AC[11]  ; clock      ;
; N/A   ; None         ; 6.040 ns   ; PC[10]~reg0  ; PC[10]  ; clock      ;
; N/A   ; None         ; 6.023 ns   ; PC[9]~reg0   ; PC[9]   ; clock      ;
; N/A   ; None         ; 5.948 ns   ; AC[1]~reg0   ; AC[1]   ; clock      ;
+-------+--------------+------------+--------------+---------+------------+


+--------------------------+
; Timing Analyzer Messages ;
+--------------------------+
Info: *******************************************************************
Info: Running Quartus II Classic Timing Analyzer
    Info: Version 9.0 Build 132 02/25/2009 SJ Web Edition
    Info: Processing started: Tue Apr 30 09:12:18 2024
Info: Command: quartus_tan --read_settings_files=off --write_settings_files=off exp10 -c exp10 --timing_analysis_only
Warning: Found pins functioning as undefined clocks and/or memory enables
    Info: Assuming node "clock" is an undefined clock
Info: Clock "clock" has Internal fmax of 201.41 MHz between source memory "altsyncram:Memory_rtl_0|altsyncram_r9n1:auto_generated|ram_block1a0~portb_address_reg0" and destination register "IR[14]~reg0" (period= 4.965 ns)
    Info: + Longest memory to register delay is 4.698 ns
        Info: 1: + IC(0.000 ns) + CELL(0.000 ns) = 0.000 ns; Loc. = M4K_X23_Y4; Fanout = 16; MEM Node = 'altsyncram:Memory_rtl_0|altsyncram_r9n1:auto_generated|ram_block1a0~portb_address_reg0'
        Info: 2: + IC(0.000 ns) + CELL(2.991 ns) = 2.991 ns; Loc. = M4K_X23_Y4; Fanout = 1; MEM Node = 'altsyncram:Memory_rtl_0|altsyncram_r9n1:auto_generated|ram_block1a14'
        Info: 3: + IC(0.436 ns) + CELL(0.438 ns) = 3.865 ns; Loc. = LCCOMB_X22_Y4_N12; Fanout = 2; COMB Node = 'MBR[14]~14'
        Info: 4: + IC(0.467 ns) + CELL(0.366 ns) = 4.698 ns; Loc. = LCFF_X21_Y4_N29; Fanout = 7; REG Node = 'IR[14]~reg0'
        Info: Total cell delay = 3.795 ns ( 80.78 % )
        Info: Total interconnect delay = 0.903 ns ( 19.22 % )
    Info: - Smallest clock skew is -0.094 ns
        Info: + Shortest clock path from clock "clock" to destination register is 2.349 ns
            Info: 1: + IC(0.000 ns) + CELL(0.979 ns) = 0.979 ns; Loc. = PIN_H2; Fanout = 1; CLK Node = 'clock'
            Info: 2: + IC(0.122 ns) + CELL(0.000 ns) = 1.101 ns; Loc. = CLKCTRL_G2; Fanout = 145; COMB Node = 'clock~clkctrl'
            Info: 3: + IC(0.711 ns) + CELL(0.537 ns) = 2.349 ns; Loc. = LCFF_X21_Y4_N29; Fanout = 7; REG Node = 'IR[14]~reg0'
            Info: Total cell delay = 1.516 ns ( 64.54 % )
            Info: Total interconnect delay = 0.833 ns ( 35.46 % )
        Info: - Longest clock path from clock "clock" to source memory is 2.443 ns
            Info: 1: + IC(0.000 ns) + CELL(0.979 ns) = 0.979 ns; Loc. = PIN_H2; Fanout = 1; CLK Node = 'clock'
            Info: 2: + IC(0.122 ns) + CELL(0.000 ns) = 1.101 ns; Loc. = CLKCTRL_G2; Fanout = 145; COMB Node = 'clock~clkctrl'
            Info: 3: + IC(0.653 ns) + CELL(0.689 ns) = 2.443 ns; Loc. = M4K_X23_Y4; Fanout = 16; MEM Node = 'altsyncram:Memory_rtl_0|altsyncram_r9n1:auto_generated|ram_block1a0~portb_address_reg0'
            Info: Total cell delay = 1.668 ns ( 68.28 % )
            Info: Total interconnect delay = 0.775 ns ( 31.72 % )
    Info: + Micro clock to output delay of source is 0.209 ns
    Info: + Micro setup delay of destination is -0.036 ns
Info: tco from clock "clock" to destination pin "IR[1]" through register "IR[1]~reg0" is 7.235 ns
    Info: + Longest clock path from clock "clock" to source register is 2.354 ns
        Info: 1: + IC(0.000 ns) + CELL(0.979 ns) = 0.979 ns; Loc. = PIN_H2; Fanout = 1; CLK Node = 'clock'
        Info: 2: + IC(0.122 ns) + CELL(0.000 ns) = 1.101 ns; Loc. = CLKCTRL_G2; Fanout = 145; COMB Node = 'clock~clkctrl'
        Info: 3: + IC(0.716 ns) + CELL(0.537 ns) = 2.354 ns; Loc. = LCFF_X24_Y4_N27; Fanout = 2; REG Node = 'IR[1]~reg0'
        Info: Total cell delay = 1.516 ns ( 64.40 % )
        Info: Total interconnect delay = 0.838 ns ( 35.60 % )
    Info: + Micro clock to output delay of source is 0.250 ns
    Info: + Longest register to pin delay is 4.631 ns
        Info: 1: + IC(0.000 ns) + CELL(0.000 ns) = 0.000 ns; Loc. = LCFF_X24_Y4_N27; Fanout = 2; REG Node = 'IR[1]~reg0'
        Info: 2: + IC(2.029 ns) + CELL(2.602 ns) = 4.631 ns; Loc. = PIN_J4; Fanout = 0; PIN Node = 'IR[1]'
        Info: Total cell delay = 2.602 ns ( 56.19 % )
        Info: Total interconnect delay = 2.029 ns ( 43.81 % )
Info: Quartus II Classic Timing Analyzer was successful. 0 errors, 1 warning
    Info: Peak virtual memory: 191 megabytes
    Info: Processing ended: Tue Apr 30 09:12:19 2024
    Info: Elapsed time: 00:00:01
    Info: Total CPU time (on all processors): 00:00:00


